[sso.uib.es/cas/loginc95f.html]
[backblue.gif]
[fade.gif]
[index.html]
[sso.uib.es/cas/webjars/jquery/3.6.0/jquery.min.js]
[sso.uib.es/cas/favicon.ico]
[sso.uib.es/cas/login0fdd.html]
[sso.uib.es/cas/login7ae9.html]
[sso.uib.es/cas/js/jquery.utils.uib-minbc72.js]
[sso.uib.es/cas/js/jquery.sticky-kit.minbc72.js]
[sso.uib.es/cas/webjars/css-vars-ponyfill/2.3.1/dist/css-vars-ponyfill.min.js]
[sso.uib.es/cas/webjars/material-components-web/10.0.0/dist/material-components-web.js]
[sso.uib.es/cas/js/cas.js]
[sso.uib.es/cas/webjars/es5-shim/4.5.9/es5-shim.js]
[sso.uib.es/cas/loginc95f.html]
[sso.uib.es/cas/webjars/material-components-web/10.0.0/dist/material-components-web.css]
[sso.uib.es/cas/css/cas.css]
[sso.uib.es/cas/login7038.html]
[sso.uib.es/cas/login0fdd.html]
[sso.uib.es/cas/login7ae9.html]
[sso.uib.es/cas/webjars/mdi__font/5.8.55/fonts/materialdesignicons-webfonte910.eot]
[sso.uib.es/cas/webjars/mdi__font/5.8.55/fonts/materialdesignicons-webfontd41d.eot]
[sso.uib.es/cas/webjars/mdi__font/5.8.55/fonts/materialdesignicons-webfonte910.woff2]
[sso.uib.es/cas/webjars/mdi__font/5.8.55/fonts/materialdesignicons-webfonte910.woff]
[sso.uib.es/cas/webjars/mdi__font/5.8.55/fonts/materialdesignicons-webfonte910.ttf]
[sso.uib.es/cas/webjars/mdi__font/5.8.55/css/materialdesignicons.css]
[sso.uib.es/cas/css/uib-theme/dircom_printer-min.css]
[sso.uib.es/cas/css/uib-theme/img/glyphicons-halflings.png]
[sso.uib.es/cas/css/uib-theme/img/glyphicons-halflings-white.png]
[sso.uib.es/cas/css/uib-theme/font-uib/UIBserif.otf]
[sso.uib.es/cas/css/uib-theme/font-uib/UIBserif.ttf]
[sso.uib.es/cas/css/uib-theme/font-uib/UIBserif-Bold.otf]
[sso.uib.es/cas/css/uib-theme/font-uib/UIBserif-Bold.ttf]
[sso.uib.es/cas/css/uib-theme/font-uib/UIBsans-Regular.otf]
[sso.uib.es/cas/css/uib-theme/font-uib/UIBsans-Regular.ttf]
[sso.uib.es/cas/css/uib-theme/font-uib/UIBsans-Bold.otf]
[sso.uib.es/cas/css/uib-theme/font-uib/UIBsans-Bold.ttf]
[sso.uib.es/cas/css/uib-theme/img/logo_dircom.png]
[sso.uib.es/cas/css/uib-theme/img/2020/footer_links.png]
[sso.uib.es/cas/css/uib-theme/img/145738_myspriteV-fs8.png]
[sso.uib.es/cas/css/uib-theme/img/178559_myspriteH.gif]
[sso.uib.es/cas/css/uib-theme/img/logo-mobile-white-40anys.png]
[sso.uib.es/cas/css/uib-theme/font-awesome-5.15/webfonts/fa-brands-400.eot]
[sso.uib.es/cas/css/uib-theme/font-awesome-5.15/webfonts/fa-brands-400d41d.eot]
[sso.uib.es/cas/css/uib-theme/font-awesome-5.15/webfonts/fa-brands-400.woff2]
[sso.uib.es/cas/css/uib-theme/font-awesome-5.15/webfonts/fa-brands-400.woff]
[sso.uib.es/cas/css/uib-theme/font-awesome-5.15/webfonts/fa-brands-400.ttf]
[sso.uib.es/cas/css/uib-theme/font-awesome-5.15/webfonts/fa-regular-400.eot]
[sso.uib.es/cas/css/uib-theme/font-awesome-5.15/webfonts/fa-regular-400d41d.eot]
[sso.uib.es/cas/css/uib-theme/font-awesome-5.15/webfonts/fa-regular-400.woff2]
[sso.uib.es/cas/css/uib-theme/font-awesome-5.15/webfonts/fa-regular-400.woff]
[sso.uib.es/cas/css/uib-theme/font-awesome-5.15/webfonts/fa-regular-400.ttf]
[sso.uib.es/cas/css/uib-theme/font-awesome-5.15/webfonts/fa-solid-900.eot]
[sso.uib.es/cas/css/uib-theme/font-awesome-5.15/webfonts/fa-solid-900d41d.eot]
[sso.uib.es/cas/css/uib-theme/font-awesome-5.15/webfonts/fa-solid-900.woff2]
[sso.uib.es/cas/css/uib-theme/font-awesome-5.15/webfonts/fa-solid-900.woff]
[sso.uib.es/cas/css/uib-theme/font-awesome-5.15/webfonts/fa-solid-900.ttf]
[sso.uib.es/cas/css/uib-theme/fonts/academicons.45.delayed]
[sso.uib.es/cas/css/uib-theme/fonts/academicons.46.delayed]
[sso.uib.es/cas/css/uib-theme/fonts/academicons.47.delayed]
[sso.uib.es/cas/css/uib-theme/fonts/academicons.48.delayed]
[sso.uib.es/cas/css/uib-theme/estils.css]
[sso.uib.es/cas/css/uib-theme/estils-sso.css]
[sso.uib.es/cas/login7038.html]
[sso.uib.es/cas/css/uib-theme/img/logo-uib-horizontal.svg]
[sso.uib.es/cas/css/uib-theme/img/logo-mobile-white.svg]
[sso.uib.es/cas/css/uib-theme/img/nologo-mobile-white.svg]
[sso.uib.es/cas/css/uib-theme/img/logo-mobile-white-40anys.svg]
[sso.uib.es/cas/css/uib-theme/font-awesome-5.15/webfonts/fa-brands-400.svg]
[sso.uib.es/cas/css/uib-theme/font-awesome-5.15/webfonts/fa-regular-400.svg]
[sso.uib.es/cas/css/uib-theme/font-awesome-5.15/webfonts/fa-solid-900.svg]
[sso.uib.es/cas/css/uib-theme/fonts/academicons.html]
[sso.uib.es/cas/css/uib-theme/fonts/academicons-2.html]
[sso.uib.es/cas/css/uib-theme/fonts/academicons-3.html]
[sso.uib.es/cas/css/uib-theme/fonts/academicons-4.html]
